../Core/Src/main.c:132:5:mapIndex	16	static
../Core/Src/main.c:149:6:blinkMorse	24	static
../Core/Src/main.c:198:5:main	352	static
../Core/Src/main.c:345:6:SystemClock_Config	88	static
../Core/Src/main.c:387:13:MX_SPI2_Init	8	static
../Core/Src/main.c:425:13:MX_TIM2_Init	64	static
../Core/Src/main.c:484:13:MX_TIM3_Init	32	static
../Core/Src/main.c:529:13:MX_USART1_UART_Init	8	static
../Core/Src/main.c:562:13:MX_GPIO_Init	48	static
../Core/Src/main.c:635:6:HAL_UART_RxCpltCallback	16	static
../Core/Src/main.c:674:6:HAL_GPIO_EXTI_Callback	16	static
../Core/Src/main.c:701:6:Error_Handler	4	static,ignoring_inline_asm
